[cold 1/3] /dashboard ttfb=13 fcp=124 lcp=692 auth=95 h1=95 data=149 cls=0 long=117ms js=1997KB fs=3 api=1 settled=true
[cold 2/3] /dashboard ttfb=14 fcp=140 lcp=680 auth=109 h1=109 data=152 cls=0 long=93ms js=1997KB fs=3 api=1 settled=true
[cold 3/3] /dashboard ttfb=15 fcp=140 lcp=672 auth=112 h1=112 data=165 cls=0 long=90ms js=1997KB fs=3 api=1 settled=true
[cold 1/3] /dashboard/assets ttfb=15 fcp=224 lcp=1228 auth=182 h1=182 data=791 cls=0 long=269ms js=1997KB fs=8 api=1 settled=true
[cold 2/3] /dashboard/assets ttfb=12 fcp=212 lcp=1252 auth=174 h1=174 data=809 cls=0 long=272ms js=1997KB fs=8 api=2 settled=true
[cold 3/3] /dashboard/assets ttfb=13 fcp=192 lcp=1188 auth=156 h1=156 data=749 cls=0 long=267ms js=1997KB fs=8 api=1 settled=true
[cold 1/3] /dashboard/cashflow ttfb=10 fcp=196 lcp=2284 auth=163 h1=163 data=2211 cls=0 long=477ms js=2219KB fs=3 api=0 settled=true
[cold 2/3] /dashboard/cashflow ttfb=11 fcp=196 lcp=2204 auth=164 h1=164 data=2110 cls=0 long=397ms js=2219KB fs=3 api=0 settled=true
[cold 3/3] /dashboard/cashflow ttfb=14 fcp=204 lcp=2180 auth=171 h1=171 data=2118 cls=0 long=363ms js=2219KB fs=4 api=1 settled=true
[cold 1/3] /dashboard/analisi ttfb=12 fcp=176 lcp=1688 auth=141 h1=141 data=1657 cls=0 long=565ms js=1997KB fs=3 api=0 settled=true
[cold 2/3] /dashboard/analisi ttfb=8 fcp=184 lcp=1744 auth=144 h1=144 data=1719 cls=0 long=578ms js=1997KB fs=3 api=0 settled=true
[cold 3/3] /dashboard/analisi ttfb=14 fcp=184 lcp=1712 auth=148 h1=148 data=1681 cls=0 long=559ms js=1997KB fs=3 api=0 settled=true
[cold 1/3] /dashboard/dividends ttfb=13 fcp=52 lcp=52 auth=- h1=42 data=- cls=0 long=0ms js=0KB fs=3 api=0 settled=false
[cold 2/3] /dashboard/dividends ttfb=11 fcp=48 lcp=48 auth=- h1=42 data=- cls=0 long=0ms js=0KB fs=3 api=0 settled=false
[cold 3/3] /dashboard/dividends ttfb=10 fcp=52 lcp=52 auth=- h1=44 data=- cls=0 long=0ms js=0KB fs=3 api=0 settled=false
[cold 1/3] /dashboard/performance ttfb=11 fcp=176 lcp=2100 auth=129 h1=129 data=2072 cls=0 long=377ms js=2075KB fs=14 api=17 settled=true
[cold 2/3] /dashboard/performance ttfb=11 fcp=176 lcp=1136 auth=124 h1=124 data=1110 cls=0 long=180ms js=2075KB fs=10 api=17 settled=true
[cold 3/3] /dashboard/performance ttfb=8 fcp=168 lcp=1008 auth=128 h1=128 data=998 cls=0 long=144ms js=2075KB fs=12 api=17 settled=true
[cold 1/3] /dashboard/history ttfb=12 fcp=272 lcp=2304 auth=228 h1=228 data=2291 cls=0 long=709ms js=1997KB fs=3 api=0 settled=true
[cold 2/3] /dashboard/history ttfb=13 fcp=256 lcp=2300 auth=219 h1=219 data=2285 cls=0 long=669ms js=1997KB fs=4 api=0 settled=true
[cold 3/3] /dashboard/history ttfb=13 fcp=256 lcp=2216 auth=212 h1=212 data=2203 cls=0 long=634ms js=1997KB fs=3 api=0 settled=true
[cold 1/3] /dashboard/allocation ttfb=9 fcp=128 lcp=628 auth=89 h1=89 data=609 cls=0 long=173ms js=2071KB fs=4 api=1 settled=true
[cold 2/3] /dashboard/allocation ttfb=11 fcp=124 lcp=612 auth=90 h1=90 data=592 cls=0 long=165ms js=2071KB fs=4 api=1 settled=true
[cold 3/3] /dashboard/allocation ttfb=9 fcp=124 lcp=604 auth=86 h1=86 data=583 cls=0 long=160ms js=2071KB fs=3 api=1 settled=true
[cold 1/3] /dashboard/pension ttfb=9 fcp=140 lcp=600 auth=111 h1=111 data=584 cls=0 long=96ms js=1997KB fs=4 api=0 settled=true
[cold 2/3] /dashboard/pension ttfb=9 fcp=156 lcp=600 auth=123 h1=123 data=585 cls=0 long=98ms js=1997KB fs=5 api=0 settled=true
[cold 3/3] /dashboard/pension ttfb=10 fcp=140 lcp=576 auth=112 h1=112 data=563 cls=0 long=85ms js=1997KB fs=4 api=0 settled=true
[cold 1/3] /dashboard/fire-simulations ttfb=11 fcp=172 lcp=2052 auth=148 h1=148 data=2040 cls=0 long=309ms js=1997KB fs=8 api=1 settled=true
[cold 2/3] /dashboard/fire-simulations ttfb=11 fcp=160 lcp=2272 auth=133 h1=133 data=2263 cls=0 long=296ms js=1997KB fs=7 api=0 settled=true
[cold 3/3] /dashboard/fire-simulations ttfb=11 fcp=156 lcp=1988 auth=131 h1=131 data=1975 cls=0 long=296ms js=1997KB fs=7 api=0 settled=true
[cold 1/3] /dashboard/hall-of-fame ttfb=11 fcp=124 lcp=424 auth=93 h1=93 data=406 cls=0 long=133ms js=1997KB fs=3 api=0 settled=true
[cold 2/3] /dashboard/hall-of-fame ttfb=10 fcp=144 lcp=8244 auth=109 h1=109 data=8228 cls=0 long=86ms js=1997KB fs=3 api=1 settled=true
[cold 3/3] /dashboard/hall-of-fame ttfb=11 fcp=128 lcp=528 auth=97 h1=97 data=511 cls=0 long=88ms js=1997KB fs=3 api=0 settled=true
[cold 1/3] /dashboard/settings ttfb=9 fcp=144 lcp=568 auth=120 h1=120 data=549 cls=0 long=162ms js=2071KB fs=5 api=0 settled=true
[cold 2/3] /dashboard/settings ttfb=9 fcp=128 lcp=548 auth=106 h1=106 data=518 cls=0 long=84ms js=2071KB fs=5 api=0 settled=true
[cold 3/3] /dashboard/settings ttfb=8 fcp=136 lcp=536 auth=114 h1=114 data=527 cls=0 long=93ms js=2071KB fs=3 api=1 settled=true
